// Jest Snapshot v1, https://goo.gl/fbAQLP

exports[`typeDefs is what we expect 1`] = `
Array [
  "type Article {
  id: String!
  title: String!
  owner: User!
}
",
  "type Query {
  lastRecipe: Recipe
    @fromJsonApi(
      query: \\"/recipes?page[limit]=1&sort=createdAt&include=author\\"
    )
  recipesByAuthor(authorName: String!): [Recipe]
    @fromJsonApi(
      query: \\"/recipes?filter[author.name]={authorName}&include=author\\"
    )
  articlesByAuthor(authorName: String!): [Article]
    @fromJsonApi(
      query: \\"/articles?filter[owner.name]={authorName}&include=owner\\"
    )
}
",
  "type Recipe {
  id: String!
  title: String!
  ingredients: [String!]
  instructions: String!
  preparationTime: Int
  author: User!
}
",
  "type User {
  id: String!
  name: String!
  recipes: [Recipe]
}
",
]
`;
